Microchip MPLAB XC8 Compiler V2.32

Linker command line:

-W-3 --edf=C:\Program Files\Microchip\xc8\v2.32\pic\dat\en_msgs.txt -cn \
  -h+dist/default/production\ControleARCOND.X.production.sym \
  --cmf=dist/default/production\ControleARCOND.X.production.cmf -z \
  -Q18F4520 -oC:\Users\Edvan\AppData\Local\Temp\xcAsc7o.4 \
  --defsym=__MPLAB_BUILD=1 \
  -Mdist/default/production/ControleARCOND.X.production.map -E1 \
  -ver=XC8 Compiler --acfsm=1493 -ASTACK=0A0h-05FFh -pstack=STACK \
  -ACODE=00h-07FFFh -ACONST=00h-07FFFh -ASMALLCONST=0600h-06FFhx122 \
  -AMEDIUMCONST=0600h-07FFFh -ACOMRAM=01h-07Fh -AABS1=00h-05FFh \
  -ABIGRAM=01h-05FFh -ARAM=080h-0FFh,0100h-01FFhx5 -ABANK0=080h-0FFh \
  -ABANK1=0100h-01FFh -ABANK2=0200h-02FFh -ABANK3=0300h-03FFh \
  -ABANK4=0400h-04FFh -ABANK5=0500h-05FFh -ASFR=0F80h-0FFFh \
  -ACONFIG=0300000h-030000Dh -AIDLOC=0200000h-0200007h \
  -AEEDATA=0F00000h-0F000FFh -peeprom_data=EEDATA \
  -preset_vec=00h,intcode,intcodelo,powerup,init -pramtop=0600h \
  -psmallconst=SMALLCONST -pmediumconst=MEDIUMCONST -pconst=CONST \
  -AFARRAM=00h-00h \
  -prdata=COMRAM,nvrram=COMRAM,nvbit=COMRAM,rbss=COMRAM,rbit=COMRAM \
  -pfarbss=FARRAM,fardata=FARRAM,nvFARRAM=FARRAM \
  -pintsave_regs=BIGRAM,bigbss=BIGRAM,bigdata=BIGRAM -pbss=RAM \
  -pidata=CODE,irdata=CODE,ibigdata=CODE,ifardata=CODE -prparam=COMRAM \
  C:\Users\Edvan\AppData\Local\Temp\xcAsc7o.o \
  dist/default/production\ControleARCOND.X.production.o 

Object code version is 3.11

Machine type is 18F4520



                Name                               Link     Load   Length Selector   Space Scale
C:\Users\Edvan\AppData\Local\Temp\xcAsc7o.o
                idloc                            200000   200000        8        0       5
                config                           300000   300000        E        0       4
                init                                  0        0        4        0       0
dist/default/production\ControleARCOND.X.production.o
                idloc                            200000   200000        8        0       5
                config                           300000   300000        E        0       4
                smallconst                          600      600       46      300       0
                text44                             19D0     19D0       EC      323       0
                text43                             1ABC     1ABC       C4      323       0
                text42                             1CE8     1CE8       B0      323       0
                text41                             1EDC     1EDC       64      323       0
                text40                             10E0     10E0      24E      323       0
                text39                             2192     2192       48      323       0
                text38                             20F4     20F4       50      323       0
                text37                             1E78     1E78       64      323       0
                text36                             22C6     22C6       30      323       0
                text35                             24D6     24D6        2      323       0
                text34                              E92      E92      24E      323       0
                text33                             21DA     21DA       42      323       0
                text32                             234E     234E       2A      323       0
                text31                             2324     2324       2A      323       0
                text30                             2144     2144       4E      323       0
                text29                             1F40     1F40       5A      323       0
                text28                             246C     246C       1E      323       0
                text27                             225A     225A       3A      323       0
                text26                             244E     244E       1E      323       0
                text25                             209E     209E       56      323       0
                text24                              BBE      BBE      2D4      323       0
                text23                             240C     240C       22      323       0
                text22                             22F6     22F6       2E      323       0
                text21                             1624     1624      16A      323       0
                text20                             178E     178E      136      323       0
                text19                             221C     221C       3E      323       0
                text18                             2294     2294       32      323       0
                text17                             24C4     24C4        A      323       0
                text16                             23C4     23C4       26      323       0
                text15                             1C34     1C34       B4      323       0
                text14                             1B80     1B80       B4      323       0
                text13                             18C4     18C4      10C      323       0
                text12                             239E     239E       26      323       0
                text11                             248A     248A       1A      323       0
                text10                             1D98     1D98       74      323       0
                text9                              2378     2378       26      323       0
                text8                              1E0C     1E0C       6C      323       0
                text7                              1F9A     1F9A       58      323       0
                text6                              2048     2048       56      323       0
                text5                              14B8     14B8      16C      323       0
                text4                              24CE     24CE        8      323       0
                text3                              23EA     23EA       22      323       0
                text2                              24B4     24B4       10      323       0
                text1                              132E     132E      18A      323       0
                text0                               646      646      578      323       0
                cstackCOMRAM                          1        1       5E        1       1
                dataBANK0                            80       80       20       80       1
                dataCOMRAM                           5F       5F       10        1       1
                bssCOMRAM                            6F       6F        D        1       1
                cinit                              1FF2     1FF2       56      323       0
                idataBANK0                         242E     242E       20      323       0
                idataCOMRAM                        24A4     24A4       10      323       0

TOTAL           Name                               Link     Load   Length     Space
        CLASS   STACK          

        CLASS   CODE           
                init                                  0        0        4         0
                text44                             19D0     19D0       EC         0
                text43                             1ABC     1ABC       C4         0
                text42                             1CE8     1CE8       B0         0
                text41                             1EDC     1EDC       64         0
                text40                             10E0     10E0      24E         0
                text39                             2192     2192       48         0
                text38                             20F4     20F4       50         0
                text37                             1E78     1E78       64         0
                text36                             22C6     22C6       30         0
                text35                             24D6     24D6        2         0
                text34                              E92      E92      24E         0
                text33                             21DA     21DA       42         0
                text32                             234E     234E       2A         0
                text31                             2324     2324       2A         0
                text30                             2144     2144       4E         0
                text29                             1F40     1F40       5A         0
                text28                             246C     246C       1E         0
                text27                             225A     225A       3A         0
                text26                             244E     244E       1E         0
                text25                             209E     209E       56         0
                text24                              BBE      BBE      2D4         0
                text23                             240C     240C       22         0
                text22                             22F6     22F6       2E         0
                text21                             1624     1624      16A         0
                text20                             178E     178E      136         0
                text19                             221C     221C       3E         0
                text18                             2294     2294       32         0
                text17                             24C4     24C4        A         0
                text16                             23C4     23C4       26         0
                text15                             1C34     1C34       B4         0
                text14                             1B80     1B80       B4         0
                text13                             18C4     18C4      10C         0
                text12                             239E     239E       26         0
                text11                             248A     248A       1A         0
                text10                             1D98     1D98       74         0
                text9                              2378     2378       26         0
                text8                              1E0C     1E0C       6C         0
                text7                              1F9A     1F9A       58         0
                text6                              2048     2048       56         0
                text5                              14B8     14B8      16C         0
                text4                              24CE     24CE        8         0
                text3                              23EA     23EA       22         0
                text2                              24B4     24B4       10         0
                text1                              132E     132E      18A         0
                text0                               646      646      578         0
                cinit                              1FF2     1FF2       56         0
                idataBANK0                         242E     242E       20         0
                idataCOMRAM                        24A4     24A4       10         0

        CLASS   CONST          

        CLASS   SMALLCONST     
                smallconst                          600      600       46         0

        CLASS   MEDIUMCONST    

        CLASS   COMRAM         
                cstackCOMRAM                          1        1       5E         1
                dataCOMRAM                           5F       5F       10         1
                bssCOMRAM                            6F       6F        D         1

        CLASS   ABS1           

        CLASS   BIGRAM         

        CLASS   RAM            

        CLASS   BANK0          
                dataBANK0                            80       80       20         1

        CLASS   BANK1          

        CLASS   BANK2          

        CLASS   BANK3          

        CLASS   BANK4          

        CLASS   BANK5          

        CLASS   SFR            

        CLASS   CONFIG         
                config                           300000   300000        E         4

        CLASS   IDLOC          
                idloc                            200000   200000        8         5

        CLASS   EEDATA         

        CLASS   FARRAM         



SEGMENTS        Name                           Load    Length   Top    Selector   Space  Class

                reset_vec                      000000  000004  000004         0       0  CODE    
                cstackCOMRAM                   000001  00007B  00007C         1       1  COMRAM  
                dataBANK0                      000080  000020  0000A0        80       1  BANK0   
                smallconst                     000600  000046  000646       300       0  SMALLCON
                text0                          000646  001E92  0024D8       323       0  CODE    


UNUSED ADDRESS RANGES

        Name                Unused          Largest block    Delta
        BANK0            0000A0-0000FF               60
        BANK1            000100-0001FF              100
        BANK2            000200-0002FF              100
        BANK3            000300-0003FF              100
        BANK4            000400-0004FF              100
        BANK5            000500-0005FF              100
        BIGRAM           00007C-00007F                4
                         0000A0-0005FF              560
        CODE             000004-0005FF              5FC
                         0024D8-007FFF             5B28
        COMRAM           00007C-00007F                4
        CONST            000004-0005FF              5FC
                         0024D8-007FFF             5B28
        EEDATA           F00000-F000FF              100
        MEDIUMCONST      0024D8-007FFF             5B28
        RAM              0000A0-0005FF              100
        SFR              000F80-000FFF               80
        SMALLCONST       0024D8-007FFF              100
        STACK            0000A0-0005FF              560

                                  Symbol Table

?___aldiv                cstackCOMRAM 000001
?___almod                cstackCOMRAM 00000F
?___awdiv                cstackCOMRAM 000001
?___awmod                cstackCOMRAM 000009
?___lwdiv                cstackCOMRAM 000001
?___lwmod                cstackCOMRAM 000008
?___wmul                 cstackCOMRAM 000001
?_adcRead                cstackCOMRAM 000001
?_digitalRead            cstackCOMRAM 000001
?_kpRead                 cstackCOMRAM 000001
_ADCON0                  (abs)        000FC2
_ADCON1                  (abs)        000FC1
_ADCON2                  (abs)        000FC0
_ADRESH                  (abs)        000FC4
_ADRESL                  (abs)        000FC3
_CCP2CON                 (abs)        000FBA
_CCPR2L                  (abs)        000FBB
_INTCON                  (abs)        000FF2
_PORTA                   (abs)        000F80
_PORTB                   (abs)        000F81
_PORTC                   (abs)        000F82
_PORTD                   (abs)        000F83
_PORTE                   (abs)        000F84
_PR2                     (abs)        000FCB
_PulseClockData          text32       00234E
_PulseEnClock            text31       002324
_T0CON                   (abs)        000FD5
_T2CON                   (abs)        000FCA
_TMR0H                   (abs)        000FD7
_TMR0L                   (abs)        000FD6
_TRISA                   (abs)        000F92
_TRISB                   (abs)        000F93
_TRISC                   (abs)        000F94
_TRISD                   (abs)        000F95
_TRISE                   (abs)        000F96
__HRAM                   (abs)        000000
__Habs1                  abs1         000000
__Hbank0                 bank0        000000
__Hbank1                 bank1        000000
__Hbank2                 bank2        000000
__Hbank3                 bank3        000000
__Hbank4                 bank4        000000
__Hbank5                 bank5        000000
__Hbigbss                bigbss       000000
__Hbigdata               bigdata      000000
__Hbigram                bigram       000000
__Hbss                   bss          000000
__HbssCOMRAM             bssCOMRAM    000000
__Hcinit                 cinit        000000
__Hclrtext               clrtext      000000
__Hcomram                comram       000000
__Hconfig                config       30000E
__Hconst                 const        000000
__HcstackCOMRAM          cstackCOMRAM 000000
__Hdata                  data         000000
__HdataBANK0             dataBANK0    000000
__HdataCOMRAM            dataCOMRAM   000000
__Heeprom_data           eeprom_data  000000
__Hfarbss                farbss       000000
__Hfardata               fardata      000000
__Hibigdata              ibigdata     000000
__Hidata                 idata        000000
__HidataBANK0            idataBANK0   000000
__HidataCOMRAM           idataCOMRAM  000000
__Hidloc                 idloc        200008
__Hifardata              ifardata     000000
__Hinit                  init         000004
__Hintcode               intcode      000000
__Hintcode_body          intcode_body 000000
__Hintcodelo             intcodelo    000000
__Hintentry              intentry     000000
__Hintret                intret       000000
__Hintsave_regs          intsave_regs 000000
__Hirdata                irdata       000000
__Hmediumconst           mediumconst  000000
__HnvFARRAM              nvFARRAM     000000
__Hnvbit                 nvbit        000000
__Hnvrram                nvrram       000000
__Hparam                 rparam       000000
__Hpowerup               powerup      000000
__Hram                   ram          000000
__Hramtop                ramtop       000600
__Hrbit                  rbit         000000
__Hrbss                  rbss         000000
__Hrdata                 rdata        000000
__Hreset_vec             reset_vec    000000
__Hrparam                rparam       000000
__Hsfr                   sfr          000000
__Hsmallconst            smallconst   000646
__Hspace_0               (abs)        0024D8
__Hspace_1               (abs)        0000A0
__Hspace_2               (abs)        000000
__Hspace_4               (abs)        60000E
__Hstack                 stack        000000
__Hstruct                struct       000000
__Htemp                  temp         000000
__Htext                  text         000000
__Htext0                 text0        000000
__Htext1                 text1        000000
__Htext10                text10       000000
__Htext11                text11       000000
__Htext12                text12       000000
__Htext13                text13       000000
__Htext14                text14       000000
__Htext15                text15       000000
__Htext16                text16       000000
__Htext17                text17       000000
__Htext18                text18       000000
__Htext19                text19       000000
__Htext2                 text2        000000
__Htext20                text20       000000
__Htext21                text21       000000
__Htext22                text22       000000
__Htext23                text23       000000
__Htext24                text24       000000
__Htext25                text25       000000
__Htext26                text26       000000
__Htext27                text27       000000
__Htext28                text28       000000
__Htext29                text29       000000
__Htext3                 text3        000000
__Htext30                text30       000000
__Htext31                text31       000000
__Htext32                text32       000000
__Htext33                text33       000000
__Htext34                text34       000000
__Htext35                text35       000000
__Htext36                text36       000000
__Htext37                text37       000000
__Htext38                text38       000000
__Htext39                text39       000000
__Htext4                 text4        000000
__Htext40                text40       000000
__Htext41                text41       000000
__Htext42                text42       000000
__Htext43                text43       000000
__Htext44                text44       000000
__Htext5                 text5        000000
__Htext6                 text6        000000
__Htext7                 text7        000000
__Htext8                 text8        000000
__Htext9                 text9        000000
__LRAM                   (abs)        000001
__Labs1                  abs1         000000
__Lbank0                 bank0        000000
__Lbank1                 bank1        000000
__Lbank2                 bank2        000000
__Lbank3                 bank3        000000
__Lbank4                 bank4        000000
__Lbank5                 bank5        000000
__Lbigbss                bigbss       000000
__Lbigdata               bigdata      000000
__Lbigram                bigram       000000
__Lbss                   bss          000000
__LbssCOMRAM             bssCOMRAM    000000
__Lcinit                 cinit        000000
__Lclrtext               clrtext      000000
__Lcomram                comram       000000
__Lconfig                config       000000
__Lconst                 const        000000
__LcstackCOMRAM          cstackCOMRAM 000000
__Ldata                  data         000000
__LdataBANK0             dataBANK0    000000
__LdataCOMRAM            dataCOMRAM   000000
__Leeprom_data           eeprom_data  000000
__Lfarbss                farbss       000000
__Lfardata               fardata      000000
__Libigdata              ibigdata     000000
__Lidata                 idata        000000
__LidataBANK0            idataBANK0   000000
__LidataCOMRAM           idataCOMRAM  000000
__Lidloc                 idloc        000000
__Lifardata              ifardata     000000
__Linit                  init         000000
__Lintcode               intcode      000000
__Lintcode_body          intcode_body 000000
__Lintcodelo             intcodelo    000000
__Lintentry              intentry     000000
__Lintret                intret       000000
__Lintsave_regs          intsave_regs 000000
__Lirdata                irdata       000000
__Lmediumconst           mediumconst  000000
__LnvFARRAM              nvFARRAM     000000
__Lnvbit                 nvbit        000000
__Lnvrram                nvrram       000000
__Lparam                 rparam       000000
__Lpowerup               powerup      000000
__Lram                   ram          000000
__Lramtop                ramtop       000600
__Lrbit                  rbit         000000
__Lrbss                  rbss         000000
__Lrdata                 rdata        000000
__Lreset_vec             reset_vec    000000
__Lrparam                rparam       000000
__Lsfr                   sfr          000000
__Lsmallconst            smallconst   000600
__Lspace_0               (abs)        000000
__Lspace_1               (abs)        000000
__Lspace_2               (abs)        000000
__Lspace_4               (abs)        000000
__Lstack                 stack        000000
__Lstruct                struct       000000
__Ltemp                  temp         000000
__Ltext                  text         000000
__Ltext0                 text0        000000
__Ltext1                 text1        000000
__Ltext10                text10       000000
__Ltext11                text11       000000
__Ltext12                text12       000000
__Ltext13                text13       000000
__Ltext14                text14       000000
__Ltext15                text15       000000
__Ltext16                text16       000000
__Ltext17                text17       000000
__Ltext18                text18       000000
__Ltext19                text19       000000
__Ltext2                 text2        000000
__Ltext20                text20       000000
__Ltext21                text21       000000
__Ltext22                text22       000000
__Ltext23                text23       000000
__Ltext24                text24       000000
__Ltext25                text25       000000
__Ltext26                text26       000000
__Ltext27                text27       000000
__Ltext28                text28       000000
__Ltext29                text29       000000
__Ltext3                 text3        000000
__Ltext30                text30       000000
__Ltext31                text31       000000
__Ltext32                text32       000000
__Ltext33                text33       000000
__Ltext34                text34       000000
__Ltext35                text35       000000
__Ltext36                text36       000000
__Ltext37                text37       000000
__Ltext38                text38       000000
__Ltext39                text39       000000
__Ltext4                 text4        000000
__Ltext40                text40       000000
__Ltext41                text41       000000
__Ltext42                text42       000000
__Ltext43                text43       000000
__Ltext44                text44       000000
__Ltext5                 text5        000000
__Ltext6                 text6        000000
__Ltext7                 text7        000000
__Ltext8                 text8        000000
__Ltext9                 text9        000000
__S0                     (abs)        0024D8
__S1                     (abs)        0000A0
__S2                     (abs)        000000
__S4                     (abs)        000000
__S5                     (abs)        000000
___aldiv                 text13       0018C4
___aldiv@counter         cstackCOMRAM 000009
___aldiv@dividend        cstackCOMRAM 000001
___aldiv@divisor         cstackCOMRAM 000005
___aldiv@quotient        cstackCOMRAM 00000B
___aldiv@sign            cstackCOMRAM 00000A
___almod                 text44       0019D0
___almod@counter         cstackCOMRAM 000017
___almod@dividend        cstackCOMRAM 00000F
___almod@divisor         cstackCOMRAM 000013
___almod@sign            cstackCOMRAM 000018
___awdiv                 text43       001ABC
___awdiv@counter         cstackCOMRAM 000005
___awdiv@dividend        cstackCOMRAM 000001
___awdiv@divisor         cstackCOMRAM 000003
___awdiv@quotient        cstackCOMRAM 000007
___awdiv@sign            cstackCOMRAM 000006
___awmod                 text42       001CE8
___awmod@counter         cstackCOMRAM 00000D
___awmod@dividend        cstackCOMRAM 000009
___awmod@divisor         cstackCOMRAM 00000B
___awmod@sign            cstackCOMRAM 00000E
___inthi_sp              stack        000000
___intlo_sp              stack        000000
___lwdiv                 text10       001D98
___lwdiv@counter         cstackCOMRAM 000007
___lwdiv@dividend        cstackCOMRAM 000001
___lwdiv@divisor         cstackCOMRAM 000003
___lwdiv@quotient        cstackCOMRAM 000005
___lwmod                 text41       001EDC
___lwmod@counter         cstackCOMRAM 00000C
___lwmod@dividend        cstackCOMRAM 000008
___lwmod@divisor         cstackCOMRAM 00000A
___param_bank            (abs)        000000
___rparam_used           (abs)        000001
___sp                    stack        000000
___wmul                  text9        002378
___wmul@multiplicand     cstackCOMRAM 000003
___wmul@multiplier       cstackCOMRAM 000001
___wmul@product          cstackCOMRAM 000005
__accesstop              (abs)        000080
__activetblptr           (abs)        000002
__end_of_PulseClockData  text32       002378
__end_of_PulseEnClock    text31       00234E
__end_of___aldiv         text13       0019D0
__end_of___almod         text44       001ABC
__end_of___awdiv         text43       001B80
__end_of___awmod         text42       001D98
__end_of___lwdiv         text10       001E0C
__end_of___lwmod         text41       001F40
__end_of___wmul          text9        00239E
__end_of__initialization cinit        00203E
__end_of_adcInit         text39       0021DA
__end_of_adcRead         text38       002144
__end_of_atraso_ms       text37       001EDC
__end_of_charKey         smallconst   00061C
__end_of_delayMicro      text35       0024D8
__end_of_delayMili       text36       0022F6
__end_of_desenhoInit     text24       000E92
__end_of_desenhoOff      text23       00242E
__end_of_desenhoOn       text22       002324
__end_of_digitalRead     text21       00178E
__end_of_digitalWrite    text34       0010E0
__end_of_kpDebounce      text20       0018C4
__end_of_kpInit          text18       0022C6
__end_of_kpRead          text17       0024CE
__end_of_lcdChar         text26       00246C
__end_of_lcdCommand      text28       00248A
__end_of_lcdInit         text15       001CE8
__end_of_lcdPosition     text27       002294
__end_of_lcdString       text25       0020F4
__end_of_main            text0        000BBE
__end_of_modo            text14       001C34
__end_of_pinMode         text40       00132E
__end_of_pulseEnablePin  text33       00221C
__end_of_pushByte        text29       001F9A
__end_of_pushNibble      text16       0023EA
__end_of_pwmFrequency    text12       0023C4
__end_of_pwmInit         text11       0024A4
__end_of_pwmSet          text8        001E78
__end_of_soInit          text19       00225A
__end_of_soWrite         text30       002192
__end_of_ssdDigit        text7        001FF2
__end_of_ssdInit         text6        00209E
__end_of_ssdUpdate       text5        001624
__end_of_timerInit       text4        0024D6
__end_of_timerReset      text3        00240C
__end_of_timerWait       text2        0024C4
__end_of_valor           smallconst   000612
__end_of_velocidade      text1        0014B8
__initialization         cinit        001FF2
__mediumconst            mediumconst  000000
__pbssCOMRAM             bssCOMRAM    00006F
__pcinit                 cinit        001FF2
__pcstackCOMRAM          cstackCOMRAM 000001
__pdataBANK0             dataBANK0    000080
__pdataCOMRAM            dataCOMRAM   00005F
__pidataBANK0            idataBANK0   00242E
__pidataCOMRAM           idataCOMRAM  0024A4
__psmallconst            smallconst   000600
__ptext0                 text0        000646
__ptext1                 text1        00132E
__ptext10                text10       001D98
__ptext11                text11       00248A
__ptext12                text12       00239E
__ptext13                text13       0018C4
__ptext14                text14       001B80
__ptext15                text15       001C34
__ptext16                text16       0023C4
__ptext17                text17       0024C4
__ptext18                text18       002294
__ptext19                text19       00221C
__ptext2                 text2        0024B4
__ptext20                text20       00178E
__ptext21                text21       001624
__ptext22                text22       0022F6
__ptext23                text23       00240C
__ptext24                text24       000BBE
__ptext25                text25       00209E
__ptext26                text26       00244E
__ptext27                text27       00225A
__ptext28                text28       00246C
__ptext29                text29       001F40
__ptext3                 text3        0023EA
__ptext30                text30       002144
__ptext31                text31       002324
__ptext32                text32       00234E
__ptext33                text33       0021DA
__ptext34                text34       000E92
__ptext35                text35       0024D6
__ptext36                text36       0022C6
__ptext37                text37       001E78
__ptext38                text38       0020F4
__ptext39                text39       002192
__ptext4                 text4        0024CE
__ptext40                text40       0010E0
__ptext41                text41       001EDC
__ptext42                text42       001CE8
__ptext43                text43       001ABC
__ptext44                text44       0019D0
__ptext5                 text5        0014B8
__ptext6                 text6        002048
__ptext7                 text7        001F9A
__ptext8                 text8        001E0C
__ptext9                 text9        002378
__ramtop                 ramtop       000600
__size_of_PulseClockData (abs)        000000
__size_of_PulseEnClock   (abs)        000000
__size_of___aldiv        (abs)        000000
__size_of___almod        (abs)        000000
__size_of___awdiv        (abs)        000000
__size_of___awmod        (abs)        000000
__size_of___lwdiv        (abs)        000000
__size_of___lwmod        (abs)        000000
__size_of___wmul         (abs)        000000
__size_of_adcInit        (abs)        000000
__size_of_adcRead        (abs)        000000
__size_of_atraso_ms      (abs)        000000
__size_of_delayMicro     (abs)        000000
__size_of_delayMili      (abs)        000000
__size_of_desenhoInit    (abs)        000000
__size_of_desenhoOff     (abs)        000000
__size_of_desenhoOn      (abs)        000000
__size_of_digitalRead    (abs)        000000
__size_of_digitalWrite   (abs)        000000
__size_of_kpDebounce     (abs)        000000
__size_of_kpInit         (abs)        000000
__size_of_kpRead         (abs)        000000
__size_of_lcdChar        (abs)        000000
__size_of_lcdCommand     (abs)        000000
__size_of_lcdInit        (abs)        000000
__size_of_lcdPosition    (abs)        000000
__size_of_lcdString      (abs)        000000
__size_of_main           (abs)        000000
__size_of_modo           (abs)        000000
__size_of_pinMode        (abs)        000000
__size_of_pulseEnablePin (abs)        000000
__size_of_pushByte       (abs)        000000
__size_of_pushNibble     (abs)        000000
__size_of_pwmFrequency   (abs)        000000
__size_of_pwmInit        (abs)        000000
__size_of_pwmSet         (abs)        000000
__size_of_soInit         (abs)        000000
__size_of_soWrite        (abs)        000000
__size_of_ssdDigit       (abs)        000000
__size_of_ssdInit        (abs)        000000
__size_of_ssdUpdate      (abs)        000000
__size_of_timerInit      (abs)        000000
__size_of_timerReset     (abs)        000000
__size_of_timerWait      (abs)        000000
__size_of_velocidade     (abs)        000000
__smallconst             smallconst   000600
_adcInit                 text39       002192
_adcRead                 text38       0020F4
_atraso_ms               text37       001E78
_delayMicro              text35       0024D6
_delayMili               text36       0022C6
_desenhoInit             text24       000BBE
_desenhoOff              text23       00240C
_desenhoOn               text22       0022F6
_digitalRead             text21       001624
_digitalWrite            text34       000E92
_display                 bssCOMRAM    00007A
_keys                    bssCOMRAM    000073
_kpDebounce              text20       00178E
_kpInit                  text18       002294
_kpRead                  text17       0024C4
_lcdChar                 text26       00244E
_lcdCommand              text28       00246C
_lcdInit                 text15       001C34
_lcdPosition             text27       00225A
_lcdString               text25       00209E
_main                    text0        000646
_main$1284               cstackCOMRAM 000049
_main$1285               cstackCOMRAM 00004D
_modo                    text14       001B80
_pinMode                 text40       0010E0
_pulseEnablePin          text33       0021DA
_pushByte                text29       001F40
_pushNibble              text16       0023C4
_pwmFrequency            text12       00239E
_pwmInit                 text11       00248A
_pwmSet                  text8        001E0C
_soInit                  text19       00221C
_soWrite                 text30       002144
_ssdDigit                text7        001F9A
_ssdInit                 text6        002048
_ssdUpdate               text5        0014B8
_started                 bssCOMRAM    000075
_timerInit               text4        0024CE
_timerReset              text3        0023EA
_timerWait               text2        0024B4
_v0                      bssCOMRAM    000079
_v1                      bssCOMRAM    000078
_v2                      bssCOMRAM    000077
_v3                      bssCOMRAM    000076
_valor                   smallconst   000601
_velocidade              text1        00132E
adcRead@ADvalor          cstackCOMRAM 000003
adcRead@channel          cstackCOMRAM 000001
atraso_ms@i              cstackCOMRAM 000003
atraso_ms@j              cstackCOMRAM 000005
atraso_ms@k              cstackCOMRAM 000006
atraso_ms@num            cstackCOMRAM 000001
delayMicro@a             cstackCOMRAM 000001
delayMili@a              cstackCOMRAM 000001
delayMili@i              cstackCOMRAM 000004
desenhoInit@F19          dataCOMRAM   000067
desenhoInit@F21          dataCOMRAM   00005F
desenhoInit@F23          dataBANK0    000098
desenhoInit@F25          dataBANK0    000090
desenhoInit@F27          dataBANK0    000088
desenhoInit@F29          dataBANK0    000080
desenhoInit@aquecer      cstackCOMRAM 000035
desenhoInit@i            cstackCOMRAM 000045
desenhoInit@v100         cstackCOMRAM 000015
desenhoInit@v25          cstackCOMRAM 00002D
desenhoInit@v50          cstackCOMRAM 000025
desenhoInit@v75          cstackCOMRAM 00001D
desenhoInit@vent         cstackCOMRAM 00003D
digitalRead@pin          cstackCOMRAM 000001
digitalWrite@pin         cstackCOMRAM 000001
digitalWrite@value       cstackCOMRAM 000003
end_of_initialization    cinit        00203E
intlevel0                text         000000
intlevel1                text         000000
intlevel2                text         000000
intlevel3                text         000000
isa$std                  (abs)        000001
isa$xinst                (abs)        000000
kpDebounce@i             cstackCOMRAM 00000D
kpDebounce@newRead       bssCOMRAM    000071
kpDebounce@oldRead       bssCOMRAM    00006F
kpDebounce@tempo         bssCOMRAM    00007B
lcdChar@value            cstackCOMRAM 00000E
lcdCommand@value         cstackCOMRAM 00000E
lcdPosition@col          cstackCOMRAM 000011
lcdPosition@line         cstackCOMRAM 00000F
lcdString@i              cstackCOMRAM 000013
lcdString@msg            cstackCOMRAM 00000F
main@controle            cstackCOMRAM 000055
main@d                   cstackCOMRAM 000053
main@m                   cstackCOMRAM 000057
main@slot                cstackCOMRAM 000059
main@tecla               cstackCOMRAM 00005D
main@temp                cstackCOMRAM 00005A
main@v                   cstackCOMRAM 00005B
main@vel                 cstackCOMRAM 000051
modo@m                   cstackCOMRAM 000015
pinMode@pin              cstackCOMRAM 000001
pinMode@type             cstackCOMRAM 000003
pushByte@rs              cstackCOMRAM 00000A
pushByte@value           cstackCOMRAM 00000D
pushNibble@rs            cstackCOMRAM 00000A
pushNibble@value         cstackCOMRAM 00000C
pwmFrequency@freq        cstackCOMRAM 00000F
pwmSet@porcento          cstackCOMRAM 00000A
pwmSet@val               cstackCOMRAM 00000B
soWrite@i                cstackCOMRAM 000009
soWrite@value            cstackCOMRAM 000007
ssdDigit@pos             cstackCOMRAM 000019
ssdDigit@val             cstackCOMRAM 00001A
stackhi                  (abs)        0005FF
stacklo                  (abs)        0000A0
start                    init         000000
start_initialization     cinit        001FF2
timerReset@ciclos        cstackCOMRAM 000003
timerReset@tempo         cstackCOMRAM 000001
velocidade@vel           cstackCOMRAM 000015


MODULE INFORMATION

Module		Function		Class		Link	Load	Size
ssd.c
		_ssdInit       		CODE           	2048	0000	86
		_ssdDigit      		CODE           	1F9A	0000	88
		_ssdUpdate     		CODE           	14B8	0000	364

ssd.c estimated size: 538

C:\Program Files\Microchip\xc8\v2.32\pic\sources\c99\common\awdiv.c
		___awdiv       		CODE           	1ABC	0000	196

C:\Program Files\Microchip\xc8\v2.32\pic\sources\c99\common\awdiv.c estimated size: 196

modo.c
		_modo          		CODE           	1B80	0000	180

modo.c estimated size: 180

C:\Program Files\Microchip\xc8\v2.32\pic\sources\c99\common\aldiv.c
		___aldiv       		CODE           	18C4	0000	268

C:\Program Files\Microchip\xc8\v2.32\pic\sources\c99\common\aldiv.c estimated size: 268

keypad.c
		_kpInit        		CODE           	2294	0000	50
		_kpDebounce    		CODE           	178E	0000	310
		_kpRead        		CODE           	24C4	0000	10

keypad.c estimated size: 370

so.c
		_soInit        		CODE           	221C	0000	62
		_soWrite       		CODE           	2144	0000	78
		_PulseEnClock  		CODE           	2324	0000	42
		_PulseClockData		CODE           	234E	0000	42

so.c estimated size: 224

velocidade.c
		_velocidade    		CODE           	132E	0000	394

velocidade.c estimated size: 394

io.c
		_digitalRead   		CODE           	1624	0000	362
		_digitalWrite  		CODE           	0E92	0000	590
		_pinMode       		CODE           	10E0	0000	590

io.c estimated size: 1542

timer.c
		_timerWait     		CODE           	24B4	0000	16
		_timerReset    		CODE           	23EA	0000	34
		_timerInit     		CODE           	24CE	0000	8

timer.c estimated size: 58

pwm.c
		_pwmInit       		CODE           	248A	0000	26
		_pwmFrequency  		CODE           	239E	0000	38
		_pwmSet        		CODE           	1E0C	0000	108

pwm.c estimated size: 172

C:\Program Files\Microchip\xc8\v2.32\pic\sources\c99\common\lwmod.c
		___lwmod       		CODE           	1EDC	0000	100

C:\Program Files\Microchip\xc8\v2.32\pic\sources\c99\common\lwmod.c estimated size: 100

C:\Program Files\Microchip\xc8\v2.32\pic\sources\c99\common\Umul16.c
		___wmul        		CODE           	2378	0000	38

C:\Program Files\Microchip\xc8\v2.32\pic\sources\c99\common\Umul16.c estimated size: 38

atraso.c
		_atraso_ms     		CODE           	1E78	0000	100

atraso.c estimated size: 100

adc.c
		_adcRead       		CODE           	20F4	0000	80
		_adcInit       		CODE           	2192	0000	72

adc.c estimated size: 152

shared
		_valor         		SMALLCONST     	0601	0000	17
		_charKey       		SMALLCONST     	0000	0000	0
		__initialization		CODE           	1FF2	0000	76

shared estimated size: 93

C:\Program Files\Microchip\xc8\v2.32\pic\sources\c99\common\awmod.c
		___awmod       		CODE           	1CE8	0000	176

C:\Program Files\Microchip\xc8\v2.32\pic\sources\c99\common\awmod.c estimated size: 176

C:\Program Files\Microchip\xc8\v2.32\pic\sources\c99\common\almod.c
		___almod       		CODE           	19D0	0000	236

C:\Program Files\Microchip\xc8\v2.32\pic\sources\c99\common\almod.c estimated size: 236

C:\Program Files\Microchip\xc8\v2.32\pic\sources\c99\common\lwdiv.c
		___lwdiv       		CODE           	1D98	0000	116

C:\Program Files\Microchip\xc8\v2.32\pic\sources\c99\common\lwdiv.c estimated size: 116

lcd.c
		_lcdCommand    		CODE           	246C	0000	30
		_lcdChar       		CODE           	244E	0000	30
		_lcdString     		CODE           	209E	0000	86
		_pulseEnablePin		CODE           	21DA	0000	66
		_pushByte      		CODE           	1F40	0000	90
		_lcdPosition   		CODE           	225A	0000	58
		_pushNibble    		CODE           	23C4	0000	38
		_lcdInit       		CODE           	1C34	0000	180
		_delayMili     		CODE           	22C6	0000	48
		_delayMicro    		CODE           	24D6	0000	2

lcd.c estimated size: 628

desenho.c
		_desenhoOn     		CODE           	22F6	0000	46
		_desenhoOff    		CODE           	240C	0000	34
		_desenhoInit   		CODE           	0BBE	0000	724

desenho.c estimated size: 804

main.c
		_main          		CODE           	0646	0000	1400

main.c estimated size: 1400

